MemTotal:        3878084 kB
MemFree:         2202500 kB
MemAvailable:    3161536 kB
Buffers:           53792 kB
Cached:          1015672 kB
SwapCached:        22108 kB
Active:           241876 kB
Inactive:        1055704 kB
Active(anon):     129908 kB
Inactive(anon):   144620 kB
Active(file):     111968 kB
Inactive(file):   911084 kB
Unevictable:           0 kB
Mlocked:               0 kB
SwapTotal:       3932156 kB
SwapFree:        3441440 kB
Dirty:                36 kB
Writeback:             0 kB
AnonPages:        225644 kB
Mapped:            88196 kB
Shmem:             46340 kB
Slab:             274076 kB
SReclaimable:     189400 kB
SUnreclaim:        84676 kB
KernelStack:        7264 kB
PageTables:        40892 kB
NFS_Unstable:          0 kB
Bounce:                0 kB
WritebackTmp:          0 kB
CommitLimit:     5871196 kB
Committed_AS:    3449520 kB
VmallocTotal:   34359738367 kB
VmallocUsed:      397296 kB
VmallocChunk:   34359310268 kB
HardwareCorrupted:     0 kB
AnonHugePages:         0 kB
HugePages_Total:       0
HugePages_Free:        0
HugePages_Rsvd:        0
HugePages_Surp:        0
Hugepagesize:       2048 kB
DirectMap4k:      163280 kB
DirectMap2M:     3909632 kB
