MemTotal:        3878084 kB
MemFree:         2663204 kB
MemAvailable:    2766288 kB
Buffers:            6500 kB
Cached:           382916 kB
SwapCached:            0 kB
Active:           718216 kB
Inactive:         274520 kB
Active(anon):     604672 kB
Inactive(anon):   136944 kB
Active(file):     113544 kB
Inactive(file):   137576 kB
Unevictable:           0 kB
Mlocked:               0 kB
SwapTotal:       3932156 kB
SwapFree:        3932156 kB
Dirty:              1796 kB
Writeback:             0 kB
AnonPages:        603396 kB
Mapped:           215872 kB
Shmem:            138248 kB
Slab:             120480 kB
SReclaimable:      41816 kB
SUnreclaim:        78664 kB
KernelStack:        7168 kB
PageTables:        39532 kB
NFS_Unstable:          0 kB
Bounce:                0 kB
WritebackTmp:          0 kB
CommitLimit:     5871196 kB
Committed_AS:    3452476 kB
VmallocTotal:   34359738367 kB
VmallocUsed:      397212 kB
VmallocChunk:   34359311328 kB
HardwareCorrupted:     0 kB
AnonHugePages:         0 kB
HugePages_Total:       0
HugePages_Free:        0
HugePages_Rsvd:        0
HugePages_Surp:        0
Hugepagesize:       2048 kB
DirectMap4k:      169424 kB
DirectMap2M:     3903488 kB
