MemTotal:        3878084 kB
MemFree:         1737768 kB
MemAvailable:    2792312 kB
Buffers:          123692 kB
Cached:          1091984 kB
SwapCached:            0 kB
Active:          1206144 kB
Inactive:         532324 kB
Active(anon):     523676 kB
Inactive(anon):   117164 kB
Active(file):     682468 kB
Inactive(file):   415160 kB
Unevictable:           0 kB
Mlocked:               0 kB
SwapTotal:       3932156 kB
SwapFree:        3932156 kB
Dirty:                16 kB
Writeback:             0 kB
AnonPages:        522796 kB
Mapped:           223452 kB
Shmem:            118044 kB
Slab:             298740 kB
SReclaimable:     210332 kB
SUnreclaim:        88408 kB
KernelStack:        7024 kB
PageTables:        39192 kB
NFS_Unstable:          0 kB
Bounce:                0 kB
WritebackTmp:          0 kB
CommitLimit:     5871196 kB
Committed_AS:    3249988 kB
VmallocTotal:   34359738367 kB
VmallocUsed:      397284 kB
VmallocChunk:   34359313928 kB
HardwareCorrupted:     0 kB
AnonHugePages:         0 kB
HugePages_Total:       0
HugePages_Free:        0
HugePages_Rsvd:        0
HugePages_Surp:        0
Hugepagesize:       2048 kB
DirectMap4k:      148944 kB
DirectMap2M:     3923968 kB
