MemTotal:        3878084 kB
MemFree:         2464404 kB
MemAvailable:    2714308 kB
Buffers:           37052 kB
Cached:           459612 kB
SwapCached:            0 kB
Active:           814636 kB
Inactive:         295892 kB
Active(anon):     615168 kB
Inactive(anon):   136196 kB
Active(file):     199468 kB
Inactive(file):   159696 kB
Unevictable:           0 kB
Mlocked:               0 kB
SwapTotal:       3932156 kB
SwapFree:        3932156 kB
Dirty:                 4 kB
Writeback:             0 kB
AnonPages:        613780 kB
Mapped:           216128 kB
Shmem:            137508 kB
Slab:             201388 kB
SReclaimable:     119364 kB
SUnreclaim:        82024 kB
KernelStack:        7184 kB
PageTables:        39484 kB
NFS_Unstable:          0 kB
Bounce:                0 kB
WritebackTmp:          0 kB
CommitLimit:     5871196 kB
Committed_AS:    3458436 kB
VmallocTotal:   34359738367 kB
VmallocUsed:      397212 kB
VmallocChunk:   34359311328 kB
HardwareCorrupted:     0 kB
AnonHugePages:         0 kB
HugePages_Total:       0
HugePages_Free:        0
HugePages_Rsvd:        0
HugePages_Surp:        0
Hugepagesize:       2048 kB
DirectMap4k:      173520 kB
DirectMap2M:     3899392 kB
