MemTotal:        3878084 kB
MemFree:         2209916 kB
MemAvailable:    3170380 kB
Buffers:           53864 kB
Cached:          1022168 kB
SwapCached:        22108 kB
Active:           238236 kB
Inactive:        1053276 kB
Active(anon):     119048 kB
Inactive(anon):   147984 kB
Active(file):     119188 kB
Inactive(file):   905292 kB
Unevictable:           0 kB
Mlocked:               0 kB
SwapTotal:       3932156 kB
SwapFree:        3441440 kB
Dirty:                20 kB
Writeback:             0 kB
AnonPages:        212328 kB
Mapped:            82324 kB
Shmem:             51836 kB
Slab:             274016 kB
SReclaimable:     189400 kB
SUnreclaim:        84616 kB
KernelStack:        7248 kB
PageTables:        40448 kB
NFS_Unstable:          0 kB
Bounce:                0 kB
WritebackTmp:          0 kB
CommitLimit:     5871196 kB
Committed_AS:    3440808 kB
VmallocTotal:   34359738367 kB
VmallocUsed:      397264 kB
VmallocChunk:   34359310268 kB
HardwareCorrupted:     0 kB
AnonHugePages:         0 kB
HugePages_Total:       0
HugePages_Free:        0
HugePages_Rsvd:        0
HugePages_Surp:        0
Hugepagesize:       2048 kB
DirectMap4k:      165328 kB
DirectMap2M:     3907584 kB
