MemTotal:        3878084 kB
MemFree:         2471596 kB
MemAvailable:    2717264 kB
Buffers:           33328 kB
Cached:           459160 kB
SwapCached:            0 kB
Active:           809664 kB
Inactive:         295940 kB
Active(anon):     614428 kB
Inactive(anon):   135952 kB
Active(file):     195236 kB
Inactive(file):   159988 kB
Unevictable:           0 kB
Mlocked:               0 kB
SwapTotal:       3932156 kB
SwapFree:        3932156 kB
Dirty:                 8 kB
Writeback:             0 kB
AnonPages:        613164 kB
Mapped:           216088 kB
Shmem:            137264 kB
Slab:             200204 kB
SReclaimable:     118772 kB
SUnreclaim:        81432 kB
KernelStack:        7168 kB
PageTables:        39696 kB
NFS_Unstable:          0 kB
Bounce:                0 kB
WritebackTmp:          0 kB
CommitLimit:     5871196 kB
Committed_AS:    3460392 kB
VmallocTotal:   34359738367 kB
VmallocUsed:      397212 kB
VmallocChunk:   34359311328 kB
HardwareCorrupted:     0 kB
AnonHugePages:         0 kB
HugePages_Total:       0
HugePages_Free:        0
HugePages_Rsvd:        0
HugePages_Surp:        0
Hugepagesize:       2048 kB
DirectMap4k:      173520 kB
DirectMap2M:     3899392 kB
