MemTotal:        3878084 kB
MemFree:         2201508 kB
MemAvailable:    3161676 kB
Buffers:           53840 kB
Cached:          1016692 kB
SwapCached:        22108 kB
Active:           247352 kB
Inactive:        1051332 kB
Active(anon):     129892 kB
Inactive(anon):   144608 kB
Active(file):     117460 kB
Inactive(file):   906724 kB
Unevictable:           0 kB
Mlocked:               0 kB
SwapTotal:       3932156 kB
SwapFree:        3441440 kB
Dirty:                20 kB
Writeback:             0 kB
AnonPages:        225620 kB
Mapped:            88204 kB
Shmem:             46336 kB
Slab:             274120 kB
SReclaimable:     189400 kB
SUnreclaim:        84720 kB
KernelStack:        7248 kB
PageTables:        40676 kB
NFS_Unstable:          0 kB
Bounce:                0 kB
WritebackTmp:          0 kB
CommitLimit:     5871196 kB
Committed_AS:    3449608 kB
VmallocTotal:   34359738367 kB
VmallocUsed:      397296 kB
VmallocChunk:   34359310268 kB
HardwareCorrupted:     0 kB
AnonHugePages:         0 kB
HugePages_Total:       0
HugePages_Free:        0
HugePages_Rsvd:        0
HugePages_Surp:        0
Hugepagesize:       2048 kB
DirectMap4k:      165328 kB
DirectMap2M:     3907584 kB
