MemTotal:        3878084 kB
MemFree:         2701256 kB
MemAvailable:    2768556 kB
Buffers:            1120 kB
Cached:           351604 kB
SwapCached:            0 kB
Active:           689188 kB
Inactive:         266572 kB
Active(anon):     604284 kB
Inactive(anon):   136436 kB
Active(file):      84904 kB
Inactive(file):   130136 kB
Unevictable:           0 kB
Mlocked:               0 kB
SwapTotal:       3932156 kB
SwapFree:        3932156 kB
Dirty:                32 kB
Writeback:             0 kB
AnonPages:        603044 kB
Mapped:           215864 kB
Shmem:            137684 kB
Slab:             120500 kB
SReclaimable:      42404 kB
SUnreclaim:        78096 kB
KernelStack:        7120 kB
PageTables:        39356 kB
NFS_Unstable:          0 kB
Bounce:                0 kB
WritebackTmp:          0 kB
CommitLimit:     5871196 kB
Committed_AS:    3452240 kB
VmallocTotal:   34359738367 kB
VmallocUsed:      397212 kB
VmallocChunk:   34359311328 kB
HardwareCorrupted:     0 kB
AnonHugePages:         0 kB
HugePages_Total:       0
HugePages_Free:        0
HugePages_Rsvd:        0
HugePages_Surp:        0
Hugepagesize:       2048 kB
DirectMap4k:      169424 kB
DirectMap2M:     3903488 kB
