MemTotal:        3878084 kB
MemFree:         2384456 kB
MemAvailable:    2762908 kB
Buffers:           17144 kB
Cached:           641720 kB
SwapCached:            0 kB
Active:           882544 kB
Inactive:         385296 kB
Active(anon):     613732 kB
Inactive(anon):   127696 kB
Active(file):     268812 kB
Inactive(file):   257600 kB
Unevictable:           0 kB
Mlocked:               0 kB
SwapTotal:       3932156 kB
SwapFree:        3932156 kB
Dirty:                 0 kB
Writeback:             0 kB
AnonPages:        609272 kB
Mapped:           239440 kB
Shmem:            132172 kB
Slab:             119196 kB
SReclaimable:      41964 kB
SUnreclaim:        77232 kB
KernelStack:        7456 kB
PageTables:        41376 kB
NFS_Unstable:          0 kB
Bounce:                0 kB
WritebackTmp:          0 kB
CommitLimit:     5871196 kB
Committed_AS:    3516060 kB
VmallocTotal:   34359738367 kB
VmallocUsed:      397316 kB
VmallocChunk:   34359313928 kB
HardwareCorrupted:     0 kB
AnonHugePages:         0 kB
HugePages_Total:       0
HugePages_Free:        0
HugePages_Rsvd:        0
HugePages_Surp:        0
Hugepagesize:       2048 kB
DirectMap4k:      159184 kB
DirectMap2M:     3913728 kB
