MemTotal:        3878084 kB
MemFree:         1237760 kB
MemAvailable:    2687096 kB
Buffers:          146548 kB
Cached:          1438388 kB
SwapCached:            0 kB
Active:          1639632 kB
Inactive:         547684 kB
Active(anon):     602896 kB
Inactive(anon):   137856 kB
Active(file):    1036736 kB
Inactive(file):   409828 kB
Unevictable:           0 kB
Mlocked:               0 kB
SwapTotal:       3932156 kB
SwapFree:        3932156 kB
Dirty:              2328 kB
Writeback:             0 kB
AnonPages:        602664 kB
Mapped:           215984 kB
Shmem:            138204 kB
Slab:             350956 kB
SReclaimable:     256188 kB
SUnreclaim:        94768 kB
KernelStack:        7040 kB
PageTables:        39432 kB
NFS_Unstable:          0 kB
Bounce:                0 kB
WritebackTmp:          0 kB
CommitLimit:     5871196 kB
Committed_AS:    3453008 kB
VmallocTotal:   34359738367 kB
VmallocUsed:      397212 kB
VmallocChunk:   34359311328 kB
HardwareCorrupted:     0 kB
AnonHugePages:         0 kB
HugePages_Total:       0
HugePages_Free:        0
HugePages_Rsvd:        0
HugePages_Surp:        0
Hugepagesize:       2048 kB
DirectMap4k:      169424 kB
DirectMap2M:     3903488 kB
