MemTotal:        3878084 kB
MemFree:          970804 kB
MemAvailable:    3192456 kB
Buffers:           13112 kB
Cached:          2342732 kB
SwapCached:        15292 kB
Active:          1686628 kB
Inactive:         864136 kB
Active(anon):     120840 kB
Inactive(anon):   125080 kB
Active(file):    1565788 kB
Inactive(file):   739056 kB
Unevictable:           0 kB
Mlocked:               0 kB
SwapTotal:       3932156 kB
SwapFree:        3384420 kB
Dirty:            286740 kB
Writeback:             0 kB
AnonPages:        194060 kB
Mapped:            20024 kB
Shmem:             50876 kB
Slab:             253676 kB
SReclaimable:     170224 kB
SUnreclaim:        83452 kB
KernelStack:        7424 kB
PageTables:        42300 kB
NFS_Unstable:          0 kB
Bounce:                0 kB
WritebackTmp:          0 kB
CommitLimit:     5871196 kB
Committed_AS:    3594064 kB
VmallocTotal:   34359738367 kB
VmallocUsed:      397328 kB
VmallocChunk:   34359310268 kB
HardwareCorrupted:     0 kB
AnonHugePages:         0 kB
HugePages_Total:       0
HugePages_Free:        0
HugePages_Rsvd:        0
HugePages_Surp:        0
Hugepagesize:       2048 kB
DirectMap4k:      157136 kB
DirectMap2M:     3915776 kB
