MemTotal:        3878084 kB
MemFree:         2511892 kB
MemAvailable:    2730876 kB
Buffers:           21280 kB
Cached:           449224 kB
SwapCached:            0 kB
Active:           742548 kB
Inactive:         333476 kB
Active(anon):     606684 kB
Inactive(anon):   136024 kB
Active(file):     135864 kB
Inactive(file):   197452 kB
Unevictable:           0 kB
Mlocked:               0 kB
SwapTotal:       3932156 kB
SwapFree:        3932156 kB
Dirty:                92 kB
Writeback:             0 kB
AnonPages:        605504 kB
Mapped:           215716 kB
Shmem:            137268 kB
Slab:             189104 kB
SReclaimable:     109220 kB
SUnreclaim:        79884 kB
KernelStack:        5968 kB
PageTables:        39604 kB
NFS_Unstable:          0 kB
Bounce:                0 kB
WritebackTmp:          0 kB
CommitLimit:     5871196 kB
Committed_AS:    3457632 kB
VmallocTotal:   34359738367 kB
VmallocUsed:      397212 kB
VmallocChunk:   34359311328 kB
HardwareCorrupted:     0 kB
AnonHugePages:         0 kB
HugePages_Total:       0
HugePages_Free:        0
HugePages_Rsvd:        0
HugePages_Surp:        0
Hugepagesize:       2048 kB
DirectMap4k:      169424 kB
DirectMap2M:     3903488 kB
