MemTotal:        3878084 kB
MemFree:         2696496 kB
MemAvailable:    2767728 kB
Buffers:            3792 kB
Cached:           353440 kB
SwapCached:            0 kB
Active:           691664 kB
Inactive:         267272 kB
Active(anon):     603452 kB
Inactive(anon):   136480 kB
Active(file):      88212 kB
Inactive(file):   130792 kB
Unevictable:           0 kB
Mlocked:               0 kB
SwapTotal:       3932156 kB
SwapFree:        3932156 kB
Dirty:                84 kB
Writeback:             0 kB
AnonPages:        602108 kB
Mapped:           215984 kB
Shmem:            137900 kB
Slab:             120372 kB
SReclaimable:      42340 kB
SUnreclaim:        78032 kB
KernelStack:        7072 kB
PageTables:        39320 kB
NFS_Unstable:          0 kB
Bounce:                0 kB
WritebackTmp:          0 kB
CommitLimit:     5871196 kB
Committed_AS:    3454108 kB
VmallocTotal:   34359738367 kB
VmallocUsed:      397212 kB
VmallocChunk:   34359311328 kB
HardwareCorrupted:     0 kB
AnonHugePages:         0 kB
HugePages_Total:       0
HugePages_Free:        0
HugePages_Rsvd:        0
HugePages_Surp:        0
Hugepagesize:       2048 kB
DirectMap4k:      169424 kB
DirectMap2M:     3903488 kB
