MemTotal:        3878084 kB
MemFree:         1949476 kB
MemAvailable:    3148032 kB
Buffers:           69100 kB
Cached:          1222424 kB
SwapCached:        23900 kB
Active:           635244 kB
Inactive:         896936 kB
Active(anon):     145224 kB
Inactive(anon):   142092 kB
Active(file):     490020 kB
Inactive(file):   754844 kB
Unevictable:           0 kB
Mlocked:               0 kB
SwapTotal:       3932156 kB
SwapFree:        3447744 kB
Dirty:               112 kB
Writeback:             0 kB
AnonPages:        237316 kB
Mapped:           121000 kB
Shmem:             46652 kB
Slab:             291948 kB
SReclaimable:     207108 kB
SUnreclaim:        84840 kB
KernelStack:        7264 kB
PageTables:        40688 kB
NFS_Unstable:          0 kB
Bounce:                0 kB
WritebackTmp:          0 kB
CommitLimit:     5871196 kB
Committed_AS:    3452624 kB
VmallocTotal:   34359738367 kB
VmallocUsed:      397296 kB
VmallocChunk:   34359310268 kB
HardwareCorrupted:     0 kB
AnonHugePages:         0 kB
HugePages_Total:       0
HugePages_Free:        0
HugePages_Rsvd:        0
HugePages_Surp:        0
Hugepagesize:       2048 kB
DirectMap4k:      165328 kB
DirectMap2M:     3907584 kB
